2026-02-01 01:49:46 [error]: Clock in RPC error: relation "biometric_credentials" does not exist {"code":"42P01","details":null,"hint":null}
2026-02-01 01:51:36 [error]: Clock in RPC error: relation "biometric_credentials" does not exist {"code":"42P01","details":null,"hint":null}
2026-02-01 01:51:44 [error]: Clock in RPC error: relation "biometric_credentials" does not exist {"code":"42P01","details":null,"hint":null}
2026-02-01 01:56:05 [error]: [Scanner Bridge Error] Method invocation failed because [libzkfpcsharp.zkfp2] does not contain a method named 'GetFingerStatus'.

2026-02-01 01:56:05 [error]: [Scanner Bridge Error] At D:\attendance-manager\middleware\scripts\capture.ps1:61 char:12
+     while ([libzkfpcsharp.zkfp2]::GetFingerStatus($devHandle) -eq 0)  ...
+            ~~~~~~~~~~~~~~~~~~~~~~~~~~~~~~~~~~~~~~~~~~~~~~~~~~~~~~~~
    + CategoryInfo          : InvalidOperation: (:) [], RuntimeException
    + FullyQualifiedErrorId : MethodNotFound
 

2026-02-01 01:56:28 [error]: [Scanner Bridge Error] Method invocation failed because [libzkfpcsharp.zkfp2] does not contain a method named 'GetFingerStatus'.

2026-02-01 01:56:28 [error]: [Scanner Bridge Error] At D:\attendance-manager\middleware\scripts\capture.ps1:61 char:12
+     while ([libzkfpcsharp.zkfp2]::GetFingerStatus($devHandle) -eq 0)  ...
+            ~~~~~~~~~~~~~~~~~~~~~~~~~~~~~~~~~~~~~~~~~~~~~~~~~~~~~~~~
    + CategoryInfo          : InvalidOperation: (:) [], RuntimeException
    + FullyQualifiedErrorId : MethodNotFound
 

2026-02-01 10:40:09 [error]: [Scanner Bridge Error] Method invocation failed because [libzkfpcsharp.zkfp2] does not contain a method named 'GetFingerStatus'.

2026-02-01 10:40:09 [error]: [Scanner Bridge Error] At D:\attendance-manager\middleware\scripts\capture.ps1:58 char:12
+     while ([libzkfpcsharp.zkfp2]::GetFingerStatus($devHandle) -eq 0)  ...
+            ~~~~~~~~~~~~~~~~~~~~~~~~~~~~~~~~~~~~~~~~~~~~~~~~~~~~~~~~
    + CategoryInfo          : InvalidOperation: (:) [], RuntimeException
    + FullyQualifiedErrorId : MethodNotFound
 

2026-02-01 10:47:06 [error]: [Scanner Bridge Error] Cannot find an overload for "DBAdd" and the argument count: "4".

2026-02-01 10:47:06 [error]: [Scanner Bridge Error] At D:\attendance-manager\middleware\scripts\capture.ps1:105 char:1
+ $ret1 = [libzkfpcsharp.zkfp2]::DBAdd($devHandle, $tempId, 1, $templat ...
+ ~~~~~~~~~~~~~~~~~~~~~~~~~~~~~~~~~~~~~~~~~~~~~~~~~~~~~~~~~~~~~~~~~~~~~
    + CategoryInfo          : NotSpecified: (:) [], MethodException
    + FullyQualifiedErrorId : MethodCountCouldNotFindBest
 

2026-02-01 10:47:06 [error]: [Scanner Bridge Error] Cannot find an overload for "DBAdd" and the argument count: "4".

2026-02-01 10:47:06 [error]: [Scanner Bridge Error] At D:\attendance-manager\middleware\scripts\capture.ps1:106 char:1
+ $ret2 = [libzkfpcsharp.zkfp2]::DBAdd($devHandle, $tempId, 2, $templat ...
+ ~~~~~~~~~~~~~~~~~~~~~~~~~~~~~~~~~~~~~~~~~~~~~~~~~~~~~~~~~~~~~~~~~~~~~
    + CategoryInfo          : NotSpecified: (:) [], MethodException
    + FullyQualifiedErrorId : MethodCountCouldNotFindBest
 

2026-02-01 10:47:06 [error]: [Scanner Bridge Error] Cannot find an overload for "DBAdd" and the argument count: "4".

2026-02-01 10:47:06 [error]: [Scanner Bridge Error] At D:\attendance-manager\middleware\scripts\capture.ps1:107 char:1
+ $ret3 = [libzkfpcsharp.zkfp2]::DBAdd($devHandle, $tempId, 3, $templat ...
+ ~~~~~~~~~~~~~~~~~~~~~~~~~~~~~~~~~~~~~~~~~~~~~~~~~~~~~~~~~~~~~~~~~~~~~
    + CategoryInfo          : NotSpecified: (:) [], MethodException
    + FullyQualifiedErrorId : MethodCountCouldNotFindBest
 

2026-02-01 10:47:06 [error]: [Scanner Bridge Error] Cannot find an overload for "DBMerge" and the argument count: "4".

2026-02-01 10:47:06 [error]: [Scanner Bridge Error] At D:\attendance-manager\middleware\scripts\capture.ps1:116 char:1
+ $mergeRes = [libzkfpcsharp.zkfp2]::DBMerge($devHandle, $tempId, $regT ...
+ ~~~~~~~~~~~~~~~~~~~~~~~~~~~~~~~~~~~~~~~~~~~~~~~~~~~~~~~~~~~~~~~~~~~~~
    + CategoryInfo          : NotSpecified: (:) [], MethodException
    + FullyQualifiedErrorId : MethodCountCouldNotFindBest
 

2026-02-01 10:47:40 [error]: [Scanner Bridge Error] Cannot find an overload for "DBAdd" and the argument count: "4".
At D:\attendance-manager\middleware\scripts\capture.ps1:105 char:1

2026-02-01 10:47:40 [error]: [Scanner Bridge Error] + $ret1 = [libzkfpcsharp.zkfp2]::DBAdd($devHandle, $tempId, 1, $templat ...
+ ~~~~~~~~~~~~~~~~~~~~~~~~~~~~~~~~~~~~~~~~~~~~~~~~~~~~~~~~~~~~~~~~~~~~~
    + CategoryInfo          : NotSpecified: (:) [], MethodException
    + FullyQualifiedErrorId : MethodCountCouldNotFindBest
 

2026-02-01 10:47:40 [error]: [Scanner Bridge Error] Cannot find an overload for "DBAdd" and the argument count: "4".

2026-02-01 10:47:40 [error]: [Scanner Bridge Error] At D:\attendance-manager\middleware\scripts\capture.ps1:106 char:1
+ $ret2 = [libzkfpcsharp.zkfp2]::DBAdd($devHandle, $tempId, 2, $templat ...
+ ~~~~~~~~~~~~~~~~~~~~~~~~~~~~~~~~~~~~~~~~~~~~~~~~~~~~~~~~~~~~~~~~~~~~~
    + CategoryInfo          : NotSpecified: (:) [], MethodException
    + FullyQualifiedErrorId : MethodCountCouldNotFindBest
 

2026-02-01 10:47:40 [error]: [Scanner Bridge Error] Cannot find an overload for "DBAdd" and the argument count: "4".

2026-02-01 10:47:40 [error]: [Scanner Bridge Error] At D:\attendance-manager\middleware\scripts\capture.ps1:107 char:1
+ $ret3 = [libzkfpcsharp.zkfp2]::DBAdd($devHandle, $tempId, 3, $templat ...
+ ~~~~~~~~~~~~~~~~~~~~~~~~~~~~~~~~~~~~~~~~~~~~~~~~~~~~~~~~~~~~~~~~~~~~~
    + CategoryInfo          : NotSpecified: (:) [], MethodException
    + FullyQualifiedErrorId : MethodCountCouldNotFindBest
 

2026-02-01 10:47:40 [error]: [Scanner Bridge Error] Cannot find an overload for "DBMerge" and the argument count: "4".

2026-02-01 10:47:40 [error]: [Scanner Bridge Error] At D:\attendance-manager\middleware\scripts\capture.ps1:116 char:1
+ $mergeRes = [libzkfpcsharp.zkfp2]::DBMerge($devHandle, $tempId, $regT ...
+ ~~~~~~~~~~~~~~~~~~~~~~~~~~~~~~~~~~~~~~~~~~~~~~~~~~~~~~~~~~~~~~~~~~~~~
    + CategoryInfo          : NotSpecified: (:) [], MethodException
    + FullyQualifiedErrorId : MethodCountCouldNotFindBest
 

2026-02-01 11:25:32 [error]: [ADMS CMD FAILED] Device QWC5234701115 rejected command 4407 with code: -1002
2026-02-01 11:30:12 [error]: Clock in RPC error: relation "biometric_credentials" does not exist {"code":"42P01","details":null,"hint":null}
2026-02-01 11:41:57 [error]: [ADMS CMD FAILED] Device QWC5234701115 rejected command 4272 with code: -1004
2026-02-01 11:44:39 [error]: [ADMS CMD FAILED] Device QWC5234701115 rejected command 1301 with code: -1004
2026-02-01 11:49:23 [error]: [ADMS CMD FAILED] Device QWC5234701115 rejected command 5845 with code: -1002
2026-02-01 11:52:03 [error]: [ADMS CMD FAILED] Device QWC5234701115 rejected command 2526 with code: -1004
2026-02-01 11:52:03 [error]: [ADMS CMD FAILED] Device QWC5234701115 rejected command 4353 with code: -1002
2026-02-01 11:52:03 [error]: [ADMS CMD FAILED] Device QWC5234701115 rejected command 587 with code: -1004
2026-02-01 11:53:32 [error]: [ADMS CMD FAILED] Device QWC5234701115 rejected command 6747 with code: -1002
2026-02-01 11:57:22 [error]: [ADMS CMD FAILED] Device QWC5234701115 rejected command 5775 with code: -1004
2026-02-01 11:58:23 [error]: [ADMS CMD FAILED] Device QWC5234701115 rejected command 8577 with code: -1002
2026-02-01 12:02:09 [error]: [ADMS CMD FAILED] Device QWC5234701115 rejected command 1061 with code: -1002
2026-02-01 12:03:25 [error]: [ADMS CMD FAILED] Device QWC5234701115 rejected command 1533 with code: -1002
2026-02-01 12:04:41 [error]: [ADMS CMD FAILED] Device QWC5234701115 rejected command 8089 with code: -1004
2026-02-01 12:12:40 [error]: [ADMS CMD FAILED] Device QWC5234701115 rejected command 5893 with code: -1002
2026-02-01 12:15:29 [error]: [ADMS CMD FAILED] Device QWC5234701115 rejected command 9702 with code: -1002
2026-02-01 12:15:30 [error]: [ADMS CMD FAILED] Device QWC5234701115 rejected command 5880 with code: -1002
2026-02-01 12:17:11 [error]: [ADMS CMD FAILED] Device QWC5234701115 rejected command 8001 with code: -1002
2026-02-01 12:17:12 [error]: [ADMS CMD FAILED] Device QWC5234701115 rejected command 379 with code: -1002
2026-02-01 12:24:13 [error]: [ADMS CMD FAILED] Device QWC5234701115 rejected command 3208 with code: -1002
2026-02-01 12:24:15 [error]: [ADMS CMD FAILED] Device QWC5234701115 rejected command 5436 with code: -1002
2026-02-01 12:28:47 [error]: [ADMS CMD FAILED] Device QWC5234701115 rejected command 2724 with code: -1002
2026-02-01 12:28:48 [error]: [ADMS CMD FAILED] Device QWC5234701115 rejected command 6890 with code: -1002
2026-02-01 12:30:55 [error]: [ADMS CMD FAILED] Device QWC5234701115 rejected command 4053 with code: -1002
2026-02-01 12:30:57 [error]: [ADMS CMD FAILED] Device QWC5234701115 rejected command 7589 with code: -1002
2026-02-01 12:37:31 [error]: [ADMS CMD FAILED] Device QWC5234701115 rejected command 9096 with code: -1002
2026-02-01 12:37:32 [error]: [ADMS CMD FAILED] Device QWC5234701115 rejected command 1260 with code: -1002
2026-02-09 17:21:42 [error]: 
🚨🚨🚨 COMMAND FAILED 🚨🚨🚨
2026-02-09 17:21:42 [error]: [DEVICECMD FAILED] Device QWC5234701115 rejected command 4566
2026-02-09 17:21:42 [error]: [DEVICECMD FAILED] Return Code: -3
2026-02-09 17:21:42 [error]: [DEVICECMD FAILED] Command was: BIODATA: Akosua Agyemang (PIN 1) Finger 0 Size 1232
2026-02-09 17:21:42 [error]: [DEVICECMD FAILED] Error meaning: User not found (PIN doesnt exist)
2026-02-09 17:21:42 [error]: 🚨🚨🚨🚨🚨🚨🚨🚨🚨🚨🚨🚨🚨🚨🚨
2026-02-09 17:21:46 [error]: 
🚨🚨🚨 COMMAND FAILED 🚨🚨🚨
2026-02-09 17:21:46 [error]: [DEVICECMD FAILED] Device QWC5234701115 rejected command 711
2026-02-09 17:21:46 [error]: [DEVICECMD FAILED] Return Code: -3
2026-02-09 17:21:46 [error]: [DEVICECMD FAILED] Command was: BIODATA: Ama Mensah (PIN 5) Finger 0 Size 938
2026-02-09 17:21:46 [error]: [DEVICECMD FAILED] Error meaning: User not found (PIN doesnt exist)
2026-02-09 17:21:46 [error]: 🚨🚨🚨🚨🚨🚨🚨🚨🚨🚨🚨🚨🚨🚨🚨
2026-02-09 17:21:47 [error]: 
🚨🚨🚨 COMMAND FAILED 🚨🚨🚨
2026-02-09 17:21:47 [error]: [DEVICECMD FAILED] Device QWC5234701115 rejected command 6434
2026-02-09 17:21:47 [error]: [DEVICECMD FAILED] Return Code: -3
2026-02-09 17:21:47 [error]: [DEVICECMD FAILED] Command was: BIODATA: Caleb Mensah (PIN 6) Finger 0 Size 1232
2026-02-09 17:21:47 [error]: [DEVICECMD FAILED] Error meaning: User not found (PIN doesnt exist)
2026-02-09 17:21:47 [error]: 🚨🚨🚨🚨🚨🚨🚨🚨🚨🚨🚨🚨🚨🚨🚨
2026-02-09 17:23:32 [error]: 
🚨🚨🚨 COMMAND FAILED 🚨🚨🚨
2026-02-09 17:23:32 [error]: [DEVICECMD FAILED] Device QWC5234701115 rejected command 7330
2026-02-09 17:23:32 [error]: [DEVICECMD FAILED] Return Code: -3
2026-02-09 17:23:32 [error]: [DEVICECMD FAILED] Command was: BIODATA: Akosua Agyemang (PIN 1) Finger 0 Size 1232
2026-02-09 17:23:32 [error]: [DEVICECMD FAILED] Error meaning: User not found (PIN doesnt exist)
2026-02-09 17:23:32 [error]: 🚨🚨🚨🚨🚨🚨🚨🚨🚨🚨🚨🚨🚨🚨🚨
2026-02-09 17:23:35 [error]: 
🚨🚨🚨 COMMAND FAILED 🚨🚨🚨
2026-02-09 17:23:35 [error]: [DEVICECMD FAILED] Device QWC5234701115 rejected command 5136
2026-02-09 17:23:35 [error]: [DEVICECMD FAILED] Return Code: -3
2026-02-09 17:23:35 [error]: [DEVICECMD FAILED] Command was: BIODATA: Ama Mensah (PIN 5) Finger 0 Size 938
2026-02-09 17:23:35 [error]: [DEVICECMD FAILED] Error meaning: User not found (PIN doesnt exist)
2026-02-09 17:23:35 [error]: 🚨🚨🚨🚨🚨🚨🚨🚨🚨🚨🚨🚨🚨🚨🚨
2026-02-09 17:23:36 [error]: 
🚨🚨🚨 COMMAND FAILED 🚨🚨🚨
2026-02-09 17:23:36 [error]: [DEVICECMD FAILED] Device QWC5234701115 rejected command 4595
2026-02-09 17:23:36 [error]: [DEVICECMD FAILED] Return Code: -3
2026-02-09 17:23:36 [error]: [DEVICECMD FAILED] Command was: BIODATA: Caleb Mensah (PIN 6) Finger 0 Size 1232
2026-02-09 17:23:36 [error]: [DEVICECMD FAILED] Error meaning: User not found (PIN doesnt exist)
2026-02-09 17:23:36 [error]: 🚨🚨🚨🚨🚨🚨🚨🚨🚨🚨🚨🚨🚨🚨🚨
2026-02-09 17:24:49 [error]: 
🚨🚨🚨 COMMAND FAILED 🚨🚨🚨
2026-02-09 17:24:49 [error]: [DEVICECMD FAILED] Device QWC5234701115 rejected command 8154
2026-02-09 17:24:49 [error]: [DEVICECMD FAILED] Return Code: -3
2026-02-09 17:24:49 [error]: [DEVICECMD FAILED] Command was: BIODATA: Akosua Agyemang (PIN 1) Finger 0 Size 1232
2026-02-09 17:24:49 [error]: [DEVICECMD FAILED] Error meaning: User not found (PIN doesnt exist)
2026-02-09 17:24:49 [error]: 🚨🚨🚨🚨🚨🚨🚨🚨🚨🚨🚨🚨🚨🚨🚨
2026-02-09 17:24:52 [error]: 
🚨🚨🚨 COMMAND FAILED 🚨🚨🚨
2026-02-09 17:24:52 [error]: [DEVICECMD FAILED] Device QWC5234701115 rejected command 4757
2026-02-09 17:24:52 [error]: [DEVICECMD FAILED] Return Code: -3
2026-02-09 17:24:52 [error]: [DEVICECMD FAILED] Command was: BIODATA: Ama Mensah (PIN 5) Finger 0 Size 938
2026-02-09 17:24:52 [error]: [DEVICECMD FAILED] Error meaning: User not found (PIN doesnt exist)
2026-02-09 17:24:52 [error]: 🚨🚨🚨🚨🚨🚨🚨🚨🚨🚨🚨🚨🚨🚨🚨
2026-02-09 17:24:53 [error]: 
🚨🚨🚨 COMMAND FAILED 🚨🚨🚨
2026-02-09 17:24:53 [error]: [DEVICECMD FAILED] Device QWC5234701115 rejected command 7316
2026-02-09 17:24:53 [error]: [DEVICECMD FAILED] Return Code: -3
2026-02-09 17:24:53 [error]: [DEVICECMD FAILED] Command was: BIODATA: Caleb Mensah (PIN 6) Finger 0 Size 1232
2026-02-09 17:24:53 [error]: [DEVICECMD FAILED] Error meaning: User not found (PIN doesnt exist)
2026-02-09 17:24:53 [error]: 🚨🚨🚨🚨🚨🚨🚨🚨🚨🚨🚨🚨🚨🚨🚨
2026-02-09 17:26:51 [error]: ZKTeco server error: listen EADDRINUSE: address already in use 0.0.0.0:4370 {"code":"EADDRINUSE","errno":-4091,"syscall":"listen","address":"0.0.0.0","port":4370,"stack":"Error: listen EADDRINUSE: address already in use 0.0.0.0:4370\n    at Server.setupListenHandle [as _listen2] (node:net:1912:16)\n    at listenInCluster (node:net:1969:12)\n    at node:net:2178:7\n    at processTicksAndRejections (node:internal/process/task_queues:90:21)"}
2026-02-09 17:27:40 [error]: 
🚨🚨🚨 COMMAND FAILED 🚨🚨🚨
2026-02-09 17:27:40 [error]: [DEVICECMD FAILED] Device QWC5234701115 rejected command 5413
2026-02-09 17:27:40 [error]: [DEVICECMD FAILED] Return Code: -1004
2026-02-09 17:27:40 [error]: [DEVICECMD FAILED] Command was: BIODATA: Akosua Agyemang (PIN 1) Finger 0 Size 1232
2026-02-09 17:27:40 [error]: [DEVICECMD FAILED] Error meaning: Unknown error code
2026-02-09 17:27:40 [error]: 🚨🚨🚨🚨🚨🚨🚨🚨🚨🚨🚨🚨🚨🚨🚨
2026-02-09 17:27:45 [error]: 
🚨🚨🚨 COMMAND FAILED 🚨🚨🚨
2026-02-09 17:27:45 [error]: [DEVICECMD FAILED] Device QWC5234701115 rejected command 6451
2026-02-09 17:27:45 [error]: [DEVICECMD FAILED] Return Code: -1004
2026-02-09 17:27:45 [error]: [DEVICECMD FAILED] Command was: BIODATA: Ama Mensah (PIN 5) Finger 0 Size 938
2026-02-09 17:27:45 [error]: [DEVICECMD FAILED] Error meaning: Unknown error code
2026-02-09 17:27:45 [error]: 🚨🚨🚨🚨🚨🚨🚨🚨🚨🚨🚨🚨🚨🚨🚨
2026-02-09 17:27:47 [error]: 
🚨🚨🚨 COMMAND FAILED 🚨🚨🚨
2026-02-09 17:27:47 [error]: [DEVICECMD FAILED] Device QWC5234701115 rejected command 8033
2026-02-09 17:27:47 [error]: [DEVICECMD FAILED] Return Code: -1004
2026-02-09 17:27:47 [error]: [DEVICECMD FAILED] Command was: BIODATA: Caleb Mensah (PIN 6) Finger 0 Size 1232
2026-02-09 17:27:47 [error]: [DEVICECMD FAILED] Error meaning: Unknown error code
2026-02-09 17:27:47 [error]: 🚨🚨🚨🚨🚨🚨🚨🚨🚨🚨🚨🚨🚨🚨🚨
2026-02-09 17:32:52 [error]: 
🚨🚨🚨 COMMAND FAILED 🚨🚨🚨
2026-02-09 17:32:52 [error]: [DEVICECMD FAILED] Device QWC5234701115 rejected command 4666
2026-02-09 17:32:52 [error]: [DEVICECMD FAILED] Return Code: -1004
2026-02-09 17:32:52 [error]: [DEVICECMD FAILED] Command was: FINGERPRINT: Akosua Agyemang (PIN 1) Finger 0
2026-02-09 17:32:52 [error]: [DEVICECMD FAILED] Error meaning: Unknown error code
2026-02-09 17:32:52 [error]: 🚨🚨🚨🚨🚨🚨🚨🚨🚨🚨🚨🚨🚨🚨🚨
2026-02-09 17:32:57 [error]: 
🚨🚨🚨 COMMAND FAILED 🚨🚨🚨
2026-02-09 17:32:57 [error]: [DEVICECMD FAILED] Device QWC5234701115 rejected command 1742
2026-02-09 17:32:57 [error]: [DEVICECMD FAILED] Return Code: -1004
2026-02-09 17:32:57 [error]: [DEVICECMD FAILED] Command was: FINGERPRINT: Ama Mensah (PIN 5) Finger 0
2026-02-09 17:32:57 [error]: [DEVICECMD FAILED] Error meaning: Unknown error code
2026-02-09 17:32:57 [error]: 🚨🚨🚨🚨🚨🚨🚨🚨🚨🚨🚨🚨🚨🚨🚨
2026-02-09 17:32:59 [error]: 
🚨🚨🚨 COMMAND FAILED 🚨🚨🚨
2026-02-09 17:32:59 [error]: [DEVICECMD FAILED] Device QWC5234701115 rejected command 5521
2026-02-09 17:32:59 [error]: [DEVICECMD FAILED] Return Code: -1004
2026-02-09 17:32:59 [error]: [DEVICECMD FAILED] Command was: FINGERPRINT: Caleb Mensah (PIN 6) Finger 0
2026-02-09 17:32:59 [error]: [DEVICECMD FAILED] Error meaning: Unknown error code
2026-02-09 17:32:59 [error]: 🚨🚨🚨🚨🚨🚨🚨🚨🚨🚨🚨🚨🚨🚨🚨
2026-02-09 17:35:07 [error]: 
🚨🚨🚨 COMMAND FAILED 🚨🚨🚨
2026-02-09 17:35:07 [error]: [DEVICECMD FAILED] Device QWC5234701115 rejected command 8583
2026-02-09 17:35:07 [error]: [DEVICECMD FAILED] Return Code: -1004
2026-02-09 17:35:07 [error]: [DEVICECMD FAILED] Command was: FINGERPRINT: Akosua Agyemang (PIN 1) Finger 0
2026-02-09 17:35:07 [error]: [DEVICECMD FAILED] Error meaning: Unknown error code
2026-02-09 17:35:07 [error]: 🚨🚨🚨🚨🚨🚨🚨🚨🚨🚨🚨🚨🚨🚨🚨
2026-02-09 17:35:12 [error]: 
🚨🚨🚨 COMMAND FAILED 🚨🚨🚨
2026-02-09 17:35:12 [error]: [DEVICECMD FAILED] Device QWC5234701115 rejected command 4955
2026-02-09 17:35:12 [error]: [DEVICECMD FAILED] Return Code: -1004
2026-02-09 17:35:12 [error]: [DEVICECMD FAILED] Command was: FINGERPRINT: Ama Mensah (PIN 5) Finger 0
2026-02-09 17:35:12 [error]: [DEVICECMD FAILED] Error meaning: Unknown error code
2026-02-09 17:35:12 [error]: 🚨🚨🚨🚨🚨🚨🚨🚨🚨🚨🚨🚨🚨🚨🚨
2026-02-09 17:35:14 [error]: 
🚨🚨🚨 COMMAND FAILED 🚨🚨🚨
2026-02-09 17:35:14 [error]: [DEVICECMD FAILED] Device QWC5234701115 rejected command 7211
2026-02-09 17:35:14 [error]: [DEVICECMD FAILED] Return Code: -1004
2026-02-09 17:35:14 [error]: [DEVICECMD FAILED] Command was: FINGERPRINT: Caleb Mensah (PIN 6) Finger 0
2026-02-09 17:35:14 [error]: [DEVICECMD FAILED] Error meaning: Unknown error code
2026-02-09 17:35:14 [error]: 🚨🚨🚨🚨🚨🚨🚨🚨🚨🚨🚨🚨🚨🚨🚨
2026-02-09 17:37:11 [error]: 
🚨🚨🚨 COMMAND FAILED 🚨🚨🚨
2026-02-09 17:37:11 [error]: [DEVICECMD FAILED] Device QWC5234701115 rejected command 8640
2026-02-09 17:37:11 [error]: [DEVICECMD FAILED] Return Code: -1002
2026-02-09 17:37:11 [error]: [DEVICECMD FAILED] Command was: FINGERPRINT: Akosua Agyemang (PIN 1) Finger 0
2026-02-09 17:37:11 [error]: [DEVICECMD FAILED] Error meaning: Unknown error code
2026-02-09 17:37:11 [error]: 🚨🚨🚨🚨🚨🚨🚨🚨🚨🚨🚨🚨🚨🚨🚨
2026-02-09 17:37:15 [error]: 
🚨🚨🚨 COMMAND FAILED 🚨🚨🚨
2026-02-09 17:37:15 [error]: [DEVICECMD FAILED] Device QWC5234701115 rejected command 6045
2026-02-09 17:37:15 [error]: [DEVICECMD FAILED] Return Code: -1002
2026-02-09 17:37:15 [error]: [DEVICECMD FAILED] Command was: FINGERPRINT: Ama Mensah (PIN 5) Finger 0
2026-02-09 17:37:15 [error]: [DEVICECMD FAILED] Error meaning: Unknown error code
2026-02-09 17:37:16 [error]: 🚨🚨🚨🚨🚨🚨🚨🚨🚨🚨🚨🚨🚨🚨🚨
2026-02-09 17:37:17 [error]: 
🚨🚨🚨 COMMAND FAILED 🚨🚨🚨
2026-02-09 17:37:17 [error]: [DEVICECMD FAILED] Device QWC5234701115 rejected command 4709
2026-02-09 17:37:17 [error]: [DEVICECMD FAILED] Return Code: -1002
2026-02-09 17:37:17 [error]: [DEVICECMD FAILED] Command was: FINGERPRINT: Caleb Mensah (PIN 6) Finger 0
2026-02-09 17:37:17 [error]: [DEVICECMD FAILED] Error meaning: Unknown error code
2026-02-09 17:37:17 [error]: 🚨🚨🚨🚨🚨🚨🚨🚨🚨🚨🚨🚨🚨🚨🚨
2026-02-09 17:42:24 [error]: 
🚨🚨🚨 COMMAND FAILED 🚨🚨🚨
2026-02-09 17:42:24 [error]: [DEVICECMD FAILED] Device QWC5234701115 rejected command 9111
2026-02-09 17:42:24 [error]: [DEVICECMD FAILED] Return Code: -1
2026-02-09 17:42:24 [error]: [DEVICECMD FAILED] Command was: FINGERPRINT: Akosua Agyemang (PIN 1) Finger 0
2026-02-09 17:42:24 [error]: [DEVICECMD FAILED] Error meaning: General error / Invalid command syntax
2026-02-09 17:42:24 [error]: 🚨🚨🚨🚨🚨🚨🚨🚨🚨🚨🚨🚨🚨🚨🚨
2026-02-09 17:42:29 [error]: 
🚨🚨🚨 COMMAND FAILED 🚨🚨🚨
2026-02-09 17:42:29 [error]: [DEVICECMD FAILED] Device QWC5234701115 rejected command 509
2026-02-09 17:42:29 [error]: [DEVICECMD FAILED] Return Code: -1
2026-02-09 17:42:29 [error]: [DEVICECMD FAILED] Command was: FINGERPRINT: Ama Mensah (PIN 5) Finger 0
2026-02-09 17:42:29 [error]: [DEVICECMD FAILED] Error meaning: General error / Invalid command syntax
2026-02-09 17:42:29 [error]: 🚨🚨🚨🚨🚨🚨🚨🚨🚨🚨🚨🚨🚨🚨🚨
2026-02-09 17:42:30 [error]: 
🚨🚨🚨 COMMAND FAILED 🚨🚨🚨
2026-02-09 17:42:30 [error]: [DEVICECMD FAILED] Device QWC5234701115 rejected command 5927
2026-02-09 17:42:30 [error]: [DEVICECMD FAILED] Return Code: -1
2026-02-09 17:42:30 [error]: [DEVICECMD FAILED] Command was: FINGERPRINT: Caleb Mensah (PIN 6) Finger 0
2026-02-09 17:42:30 [error]: [DEVICECMD FAILED] Error meaning: General error / Invalid command syntax
2026-02-09 17:42:30 [error]: 🚨🚨🚨🚨🚨🚨🚨🚨🚨🚨🚨🚨🚨🚨🚨
2026-02-09 17:45:25 [error]: 
🚨🚨🚨 COMMAND FAILED 🚨🚨🚨
2026-02-09 17:45:25 [error]: [DEVICECMD FAILED] Device QWC5234701115 rejected command 3080
2026-02-09 17:45:25 [error]: [DEVICECMD FAILED] Return Code: -1004
2026-02-09 17:45:25 [error]: [DEVICECMD FAILED] Command was: FINGERPRINT: Akosua Agyemang (PIN 1) Finger 0
2026-02-09 17:45:25 [error]: [DEVICECMD FAILED] Error meaning: Unknown error code
2026-02-09 17:45:25 [error]: 🚨🚨🚨🚨🚨🚨🚨🚨🚨🚨🚨🚨🚨🚨🚨
2026-02-09 17:45:30 [error]: 
🚨🚨🚨 COMMAND FAILED 🚨🚨🚨
2026-02-09 17:45:30 [error]: [DEVICECMD FAILED] Device QWC5234701115 rejected command 480
2026-02-09 17:45:30 [error]: [DEVICECMD FAILED] Return Code: -1004
2026-02-09 17:45:30 [error]: [DEVICECMD FAILED] Command was: FINGERPRINT: Ama Mensah (PIN 5) Finger 0
2026-02-09 17:45:30 [error]: [DEVICECMD FAILED] Error meaning: Unknown error code
2026-02-09 17:45:30 [error]: 🚨🚨🚨🚨🚨🚨🚨🚨🚨🚨🚨🚨🚨🚨🚨
2026-02-09 17:45:32 [error]: 
🚨🚨🚨 COMMAND FAILED 🚨🚨🚨
2026-02-09 17:45:32 [error]: [DEVICECMD FAILED] Device QWC5234701115 rejected command 5090
2026-02-09 17:45:32 [error]: [DEVICECMD FAILED] Return Code: -1004
2026-02-09 17:45:32 [error]: [DEVICECMD FAILED] Command was: FINGERPRINT: Caleb Mensah (PIN 6) Finger 0
2026-02-09 17:45:32 [error]: [DEVICECMD FAILED] Error meaning: Unknown error code
2026-02-09 17:45:32 [error]: 🚨🚨🚨🚨🚨🚨🚨🚨🚨🚨🚨🚨🚨🚨🚨
2026-02-09 17:46:46 [error]: 
🚨🚨🚨 COMMAND FAILED 🚨🚨🚨
2026-02-09 17:46:46 [error]: [DEVICECMD FAILED] Device QWC5234701115 rejected command 5913
2026-02-09 17:46:46 [error]: [DEVICECMD FAILED] Return Code: -3
2026-02-09 17:46:46 [error]: [DEVICECMD FAILED] Command was: FINGERPRINT: Akosua Agyemang (PIN 1) Finger 0
2026-02-09 17:46:46 [error]: [DEVICECMD FAILED] Error meaning: User not found (PIN doesnt exist)
2026-02-09 17:46:46 [error]: 🚨🚨🚨🚨🚨🚨🚨🚨🚨🚨🚨🚨🚨🚨🚨
2026-02-09 17:46:51 [error]: 
🚨🚨🚨 COMMAND FAILED 🚨🚨🚨
2026-02-09 17:46:51 [error]: [DEVICECMD FAILED] Device QWC5234701115 rejected command 9993
2026-02-09 17:46:51 [error]: [DEVICECMD FAILED] Return Code: -3
2026-02-09 17:46:51 [error]: [DEVICECMD FAILED] Command was: FINGERPRINT: Ama Mensah (PIN 5) Finger 0
2026-02-09 17:46:51 [error]: [DEVICECMD FAILED] Error meaning: User not found (PIN doesnt exist)
2026-02-09 17:46:51 [error]: 🚨🚨🚨🚨🚨🚨🚨🚨🚨🚨🚨🚨🚨🚨🚨
2026-02-09 17:46:53 [error]: 
🚨🚨🚨 COMMAND FAILED 🚨🚨🚨
2026-02-09 17:46:53 [error]: [DEVICECMD FAILED] Device QWC5234701115 rejected command 3851
2026-02-09 17:46:53 [error]: [DEVICECMD FAILED] Return Code: -3
2026-02-09 17:46:53 [error]: [DEVICECMD FAILED] Command was: FINGERPRINT: Caleb Mensah (PIN 6) Finger 0
2026-02-09 17:46:53 [error]: [DEVICECMD FAILED] Error meaning: User not found (PIN doesnt exist)
2026-02-09 17:46:53 [error]: 🚨🚨🚨🚨🚨🚨🚨🚨🚨🚨🚨🚨🚨🚨🚨
2026-02-09 17:48:10 [error]: 
🚨🚨🚨 COMMAND FAILED 🚨🚨🚨
2026-02-09 17:48:10 [error]: [DEVICECMD FAILED] Device QWC5234701115 rejected command 7970
2026-02-09 17:48:10 [error]: [DEVICECMD FAILED] Return Code: -3
2026-02-09 17:48:10 [error]: [DEVICECMD FAILED] Command was: FINGERPRINT: Akosua Agyemang (PIN 1) Finger 0
2026-02-09 17:48:10 [error]: [DEVICECMD FAILED] Error meaning: User not found (PIN doesnt exist)
2026-02-09 17:48:10 [error]: 🚨🚨🚨🚨🚨🚨🚨🚨🚨🚨🚨🚨🚨🚨🚨
2026-02-09 17:48:15 [error]: 
🚨🚨🚨 COMMAND FAILED 🚨🚨🚨
2026-02-09 17:48:15 [error]: [DEVICECMD FAILED] Device QWC5234701115 rejected command 3891
2026-02-09 17:48:15 [error]: [DEVICECMD FAILED] Return Code: -3
2026-02-09 17:48:15 [error]: [DEVICECMD FAILED] Command was: FINGERPRINT: Ama Mensah (PIN 5) Finger 0
2026-02-09 17:48:15 [error]: [DEVICECMD FAILED] Error meaning: User not found (PIN doesnt exist)
2026-02-09 17:48:15 [error]: 🚨🚨🚨🚨🚨🚨🚨🚨🚨🚨🚨🚨🚨🚨🚨
2026-02-09 17:48:17 [error]: 
🚨🚨🚨 COMMAND FAILED 🚨🚨🚨
2026-02-09 17:48:17 [error]: [DEVICECMD FAILED] Device QWC5234701115 rejected command 4184
2026-02-09 17:48:17 [error]: [DEVICECMD FAILED] Return Code: -3
2026-02-09 17:48:17 [error]: [DEVICECMD FAILED] Command was: FINGERPRINT: Caleb Mensah (PIN 6) Finger 0
2026-02-09 17:48:17 [error]: [DEVICECMD FAILED] Error meaning: User not found (PIN doesnt exist)
2026-02-09 17:48:17 [error]: 🚨🚨🚨🚨🚨🚨🚨🚨🚨🚨🚨🚨🚨🚨🚨
2026-02-09 17:50:22 [error]: ZKTeco server error: listen EADDRINUSE: address already in use 0.0.0.0:4370 {"code":"EADDRINUSE","errno":-4091,"syscall":"listen","address":"0.0.0.0","port":4370,"stack":"Error: listen EADDRINUSE: address already in use 0.0.0.0:4370\n    at Server.setupListenHandle [as _listen2] (node:net:1912:16)\n    at listenInCluster (node:net:1969:12)\n    at node:net:2178:7\n    at processTicksAndRejections (node:internal/process/task_queues:90:21)"}
2026-02-09 17:52:33 [error]: 
🚨🚨🚨 COMMAND FAILED 🚨🚨🚨
2026-02-09 17:52:33 [error]: [DEVICECMD FAILED] Device QWC5234701115 rejected command 24
2026-02-09 17:52:33 [error]: [DEVICECMD FAILED] Return Code: -1004
2026-02-09 17:52:33 [error]: [DEVICECMD FAILED] Command was: unknown command
2026-02-09 17:52:33 [error]: [DEVICECMD FAILED] Error meaning: Unknown error code
2026-02-09 17:52:33 [error]: 🚨🚨🚨🚨🚨🚨🚨🚨🚨🚨🚨🚨🚨🚨🚨
2026-02-09 17:52:34 [error]: 
🚨🚨🚨 COMMAND FAILED 🚨🚨🚨
2026-02-09 17:52:34 [error]: [DEVICECMD FAILED] Device QWC5234701115 rejected command 1795
2026-02-09 17:52:34 [error]: [DEVICECMD FAILED] Return Code: -1004
2026-02-09 17:52:34 [error]: [DEVICECMD FAILED] Command was: unknown command
2026-02-09 17:52:34 [error]: [DEVICECMD FAILED] Error meaning: Unknown error code
2026-02-09 17:52:34 [error]: 🚨🚨🚨🚨🚨🚨🚨🚨🚨🚨🚨🚨🚨🚨🚨
2026-02-09 17:52:43 [error]: 
🚨🚨🚨 COMMAND FAILED 🚨🚨🚨
2026-02-09 17:52:43 [error]: [DEVICECMD FAILED] Device QWC5234701115 rejected command 716
2026-02-09 17:52:43 [error]: [DEVICECMD FAILED] Return Code: -3
2026-02-09 17:52:43 [error]: [DEVICECMD FAILED] Command was: FINGERPRINT: Ama Mensah (PIN 5) Finger 0
2026-02-09 17:52:43 [error]: [DEVICECMD FAILED] Error meaning: User not found (PIN doesnt exist)
2026-02-09 17:52:43 [error]: 🚨🚨🚨🚨🚨🚨🚨🚨🚨🚨🚨🚨🚨🚨🚨
2026-02-09 17:52:50 [error]: 
🚨🚨🚨 COMMAND FAILED 🚨🚨🚨
2026-02-09 17:52:50 [error]: [DEVICECMD FAILED] Device QWC5234701115 rejected command 3546
2026-02-09 17:52:50 [error]: [DEVICECMD FAILED] Return Code: -1004
2026-02-09 17:52:50 [error]: [DEVICECMD FAILED] Command was: DATA USER: Caleb Mensah (PIN 6)
2026-02-09 17:52:50 [error]: [DEVICECMD FAILED] Error meaning: Unknown error code
2026-02-09 17:52:50 [error]: 🚨🚨🚨🚨🚨🚨🚨🚨🚨🚨🚨🚨🚨🚨🚨
2026-02-09 17:52:52 [error]: 
🚨🚨🚨 COMMAND FAILED 🚨🚨🚨
2026-02-09 17:52:52 [error]: [DEVICECMD FAILED] Device QWC5234701115 rejected command 9255
2026-02-09 17:52:52 [error]: [DEVICECMD FAILED] Return Code: -3
2026-02-09 17:52:52 [error]: [DEVICECMD FAILED] Command was: FINGERPRINT: Caleb Mensah (PIN 6) Finger 0
2026-02-09 17:52:52 [error]: [DEVICECMD FAILED] Error meaning: User not found (PIN doesnt exist)
2026-02-09 17:52:52 [error]: 🚨🚨🚨🚨🚨🚨🚨🚨🚨🚨🚨🚨🚨🚨🚨
2026-02-09 17:52:53 [error]: 
🚨🚨🚨 COMMAND FAILED 🚨🚨🚨
2026-02-09 17:52:53 [error]: [DEVICECMD FAILED] Device QWC5234701115 rejected command 9068
2026-02-09 17:52:53 [error]: [DEVICECMD FAILED] Return Code: -1004
2026-02-09 17:52:53 [error]: [DEVICECMD FAILED] Command was: DATA USER: Araba Quainoo (PIN 7)
2026-02-09 17:52:53 [error]: [DEVICECMD FAILED] Error meaning: Unknown error code
2026-02-09 17:52:53 [error]: 🚨🚨🚨🚨🚨🚨🚨🚨🚨🚨🚨🚨🚨🚨🚨
2026-02-09 17:53:13 [error]: 
🚨🚨🚨 COMMAND FAILED 🚨🚨🚨
2026-02-09 17:53:13 [error]: [DEVICECMD FAILED] Device QWC5234701115 rejected command 6094
2026-02-09 17:53:13 [error]: [DEVICECMD FAILED] Return Code: -1004
2026-02-09 17:53:13 [error]: [DEVICECMD FAILED] Command was: DATA USER: Akosua Agyemang (PIN 1)
2026-02-09 17:53:13 [error]: [DEVICECMD FAILED] Error meaning: Unknown error code
2026-02-09 17:53:13 [error]: 🚨🚨🚨🚨🚨🚨🚨🚨🚨🚨🚨🚨🚨🚨🚨
2026-02-09 17:53:14 [error]: 
🚨🚨🚨 COMMAND FAILED 🚨🚨🚨
2026-02-09 17:53:14 [error]: [DEVICECMD FAILED] Device QWC5234701115 rejected command 3790
2026-02-09 17:53:14 [error]: [DEVICECMD FAILED] Return Code: -3
2026-02-09 17:53:14 [error]: [DEVICECMD FAILED] Command was: FINGERPRINT: Akosua Agyemang (PIN 1) Finger 0
2026-02-09 17:53:14 [error]: [DEVICECMD FAILED] Error meaning: User not found (PIN doesnt exist)
2026-02-09 17:53:14 [error]: 🚨🚨🚨🚨🚨🚨🚨🚨🚨🚨🚨🚨🚨🚨🚨
2026-02-09 17:53:15 [error]: 
🚨🚨🚨 COMMAND FAILED 🚨🚨🚨
2026-02-09 17:53:15 [error]: [DEVICECMD FAILED] Device QWC5234701115 rejected command 842
2026-02-09 17:53:15 [error]: [DEVICECMD FAILED] Return Code: -1004
2026-02-09 17:53:15 [error]: [DEVICECMD FAILED] Command was: DATA USER: John Doe (PIN 2)
2026-02-09 17:53:15 [error]: [DEVICECMD FAILED] Error meaning: Unknown error code
2026-02-09 17:53:15 [error]: 🚨🚨🚨🚨🚨🚨🚨🚨🚨🚨🚨🚨🚨🚨🚨
2026-02-09 17:53:18 [error]: 
🚨🚨🚨 COMMAND FAILED 🚨🚨🚨
2026-02-09 17:53:18 [error]: [DEVICECMD FAILED] Device QWC5234701115 rejected command 7617
2026-02-09 17:53:18 [error]: [DEVICECMD FAILED] Return Code: -1004
2026-02-09 17:53:18 [error]: [DEVICECMD FAILED] Command was: DATA USER: Jane Smith (PIN 3)
2026-02-09 17:53:18 [error]: [DEVICECMD FAILED] Error meaning: Unknown error code
2026-02-09 17:53:18 [error]: 🚨🚨🚨🚨🚨🚨🚨🚨🚨🚨🚨🚨🚨🚨🚨
2026-02-09 17:53:20 [error]: 
🚨🚨🚨 COMMAND FAILED 🚨🚨🚨
2026-02-09 17:53:20 [error]: [DEVICECMD FAILED] Device QWC5234701115 rejected command 8723
2026-02-09 17:53:20 [error]: [DEVICECMD FAILED] Return Code: -1004
2026-02-09 17:53:20 [error]: [DEVICECMD FAILED] Command was: DATA USER: Ama Dziedzom (PIN 4)
2026-02-09 17:53:20 [error]: [DEVICECMD FAILED] Error meaning: Unknown error code
2026-02-09 17:53:20 [error]: 🚨🚨🚨🚨🚨🚨🚨🚨🚨🚨🚨🚨🚨🚨🚨
2026-02-09 17:53:21 [error]: 
🚨🚨🚨 COMMAND FAILED 🚨🚨🚨
2026-02-09 17:53:21 [error]: [DEVICECMD FAILED] Device QWC5234701115 rejected command 7992
2026-02-09 17:53:21 [error]: [DEVICECMD FAILED] Return Code: -1004
2026-02-09 17:53:21 [error]: [DEVICECMD FAILED] Command was: DATA USER: Ama Mensah (PIN 5)
2026-02-09 17:53:21 [error]: [DEVICECMD FAILED] Error meaning: Unknown error code
2026-02-09 17:53:21 [error]: 🚨🚨🚨🚨🚨🚨🚨🚨🚨🚨🚨🚨🚨🚨🚨
2026-02-09 17:53:22 [error]: 
🚨🚨🚨 COMMAND FAILED 🚨🚨🚨
2026-02-09 17:53:22 [error]: [DEVICECMD FAILED] Device QWC5234701115 rejected command 8403
2026-02-09 17:53:22 [error]: [DEVICECMD FAILED] Return Code: -3
2026-02-09 17:53:22 [error]: [DEVICECMD FAILED] Command was: FINGERPRINT: Ama Mensah (PIN 5) Finger 0
2026-02-09 17:53:22 [error]: [DEVICECMD FAILED] Error meaning: User not found (PIN doesnt exist)
2026-02-09 17:53:22 [error]: 🚨🚨🚨🚨🚨🚨🚨🚨🚨🚨🚨🚨🚨🚨🚨
2026-02-09 17:53:23 [error]: 
🚨🚨🚨 COMMAND FAILED 🚨🚨🚨
2026-02-09 17:53:23 [error]: [DEVICECMD FAILED] Device QWC5234701115 rejected command 6577
2026-02-09 17:53:23 [error]: [DEVICECMD FAILED] Return Code: -1004
2026-02-09 17:53:23 [error]: [DEVICECMD FAILED] Command was: DATA USER: Caleb Mensah (PIN 6)
2026-02-09 17:53:23 [error]: [DEVICECMD FAILED] Error meaning: Unknown error code
2026-02-09 17:53:23 [error]: 🚨🚨🚨🚨🚨🚨🚨🚨🚨🚨🚨🚨🚨🚨🚨
2026-02-09 17:53:24 [error]: 
🚨🚨🚨 COMMAND FAILED 🚨🚨🚨
2026-02-09 17:53:24 [error]: [DEVICECMD FAILED] Device QWC5234701115 rejected command 1276
2026-02-09 17:53:24 [error]: [DEVICECMD FAILED] Return Code: -3
2026-02-09 17:53:24 [error]: [DEVICECMD FAILED] Command was: FINGERPRINT: Caleb Mensah (PIN 6) Finger 0
2026-02-09 17:53:24 [error]: [DEVICECMD FAILED] Error meaning: User not found (PIN doesnt exist)
2026-02-09 17:53:24 [error]: 🚨🚨🚨🚨🚨🚨🚨🚨🚨🚨🚨🚨🚨🚨🚨
2026-02-09 17:53:26 [error]: 
🚨🚨🚨 COMMAND FAILED 🚨🚨🚨
2026-02-09 17:53:26 [error]: [DEVICECMD FAILED] Device QWC5234701115 rejected command 8785
2026-02-09 17:53:26 [error]: [DEVICECMD FAILED] Return Code: -1004
2026-02-09 17:53:26 [error]: [DEVICECMD FAILED] Command was: DATA USER: Araba Quainoo (PIN 7)
2026-02-09 17:53:26 [error]: [DEVICECMD FAILED] Error meaning: Unknown error code
2026-02-09 17:53:26 [error]: 🚨🚨🚨🚨🚨🚨🚨🚨🚨🚨🚨🚨🚨🚨🚨
2026-02-09 17:54:31 [error]: 
🚨🚨🚨 COMMAND FAILED 🚨🚨🚨
2026-02-09 17:54:31 [error]: [DEVICECMD FAILED] Device QWC5234701115 rejected command 7618
2026-02-09 17:54:31 [error]: [DEVICECMD FAILED] Return Code: -1004
2026-02-09 17:54:31 [error]: [DEVICECMD FAILED] Command was: RAW: DATA QUERY user PIN=6
2026-02-09 17:54:31 [error]: [DEVICECMD FAILED] Error meaning: Unknown error code
2026-02-09 17:54:31 [error]: 🚨🚨🚨🚨🚨🚨🚨🚨🚨🚨🚨🚨🚨🚨🚨
2026-02-09 17:54:36 [error]: 
🚨🚨🚨 COMMAND FAILED 🚨🚨🚨
2026-02-09 17:54:36 [error]: [DEVICECMD FAILED] Device QWC5234701115 rejected command 5883
2026-02-09 17:54:36 [error]: [DEVICECMD FAILED] Return Code: -3
2026-02-09 17:54:36 [error]: [DEVICECMD FAILED] Command was: RAW: DATA QUERY biodata PIN=6
2026-02-09 17:54:36 [error]: [DEVICECMD FAILED] Error meaning: User not found (PIN doesnt exist)
2026-02-09 17:54:36 [error]: 🚨🚨🚨🚨🚨🚨🚨🚨🚨🚨🚨🚨🚨🚨🚨
2026-02-09 17:56:03 [error]: 
🚨🚨🚨 COMMAND FAILED 🚨🚨🚨
2026-02-09 17:56:03 [error]: [DEVICECMD FAILED] Device QWC5234701115 rejected command 5416
2026-02-09 17:56:03 [error]: [DEVICECMD FAILED] Return Code: -3
2026-02-09 17:56:03 [error]: [DEVICECMD FAILED] Command was: FINGERPRINT: Akosua Agyemang (PIN 1) Finger 0
2026-02-09 17:56:03 [error]: [DEVICECMD FAILED] Error meaning: User not found (PIN doesnt exist)
2026-02-09 17:56:03 [error]: 🚨🚨🚨🚨🚨🚨🚨🚨🚨🚨🚨🚨🚨🚨🚨
2026-02-09 17:56:07 [error]: 
🚨🚨🚨 COMMAND FAILED 🚨🚨🚨
2026-02-09 17:56:07 [error]: [DEVICECMD FAILED] Device QWC5234701115 rejected command 6691
2026-02-09 17:56:07 [error]: [DEVICECMD FAILED] Return Code: -3
2026-02-09 17:56:07 [error]: [DEVICECMD FAILED] Command was: FINGERPRINT: Ama Mensah (PIN 5) Finger 0
2026-02-09 17:56:07 [error]: [DEVICECMD FAILED] Error meaning: User not found (PIN doesnt exist)
2026-02-09 17:56:07 [error]: 🚨🚨🚨🚨🚨🚨🚨🚨🚨🚨🚨🚨🚨🚨🚨
2026-02-09 17:56:09 [error]: 
🚨🚨🚨 COMMAND FAILED 🚨🚨🚨
2026-02-09 17:56:09 [error]: [DEVICECMD FAILED] Device QWC5234701115 rejected command 6417
2026-02-09 17:56:09 [error]: [DEVICECMD FAILED] Return Code: -3
2026-02-09 17:56:09 [error]: [DEVICECMD FAILED] Command was: FINGERPRINT: Caleb Mensah (PIN 6) Finger 0
2026-02-09 17:56:09 [error]: [DEVICECMD FAILED] Error meaning: User not found (PIN doesnt exist)
2026-02-09 17:56:09 [error]: 🚨🚨🚨🚨🚨🚨🚨🚨🚨🚨🚨🚨🚨🚨🚨
2026-02-09 17:58:45 [error]: 
🚨🚨🚨 COMMAND FAILED 🚨🚨🚨
2026-02-09 17:58:45 [error]: [DEVICECMD FAILED] Device QWC5234701115 rejected command 1292
2026-02-09 17:58:45 [error]: [DEVICECMD FAILED] Return Code: -1002
2026-02-09 17:58:45 [error]: [DEVICECMD FAILED] Command was: TEMPLATEV10 FORMAT TEST 0: Caleb Mensah Finger 0
2026-02-09 17:58:45 [error]: [DEVICECMD FAILED] Error meaning: Unknown error code
2026-02-09 17:58:45 [error]: 🚨🚨🚨🚨🚨🚨🚨🚨🚨🚨🚨🚨🚨🚨🚨
2026-02-09 17:58:45 [error]: 
🚨🚨🚨 COMMAND FAILED 🚨🚨🚨
2026-02-09 17:58:45 [error]: [DEVICECMD FAILED] Device QWC5234701115 rejected command 1114
2026-02-09 17:58:45 [error]: [DEVICECMD FAILED] Return Code: -1002
2026-02-09 17:58:45 [error]: [DEVICECMD FAILED] Command was: TEMPLATEV10 FORMAT TEST 0: Caleb Mensah Finger 0
2026-02-09 17:58:45 [error]: [DEVICECMD FAILED] Error meaning: Unknown error code
2026-02-09 17:58:45 [error]: 🚨🚨🚨🚨🚨🚨🚨🚨🚨🚨🚨🚨🚨🚨🚨
2026-02-09 17:58:45 [error]: 
🚨🚨🚨 COMMAND FAILED 🚨🚨🚨
2026-02-09 17:58:45 [error]: [DEVICECMD FAILED] Device QWC5234701115 rejected command 1120
2026-02-09 17:58:45 [error]: [DEVICECMD FAILED] Return Code: -1002
2026-02-09 17:58:45 [error]: [DEVICECMD FAILED] Command was: TEMPLATEV10 FORMAT TEST 0: Caleb Mensah Finger 0
2026-02-09 17:58:45 [error]: [DEVICECMD FAILED] Error meaning: Unknown error code
2026-02-09 17:58:45 [error]: 🚨🚨🚨🚨🚨🚨🚨🚨🚨🚨🚨🚨🚨🚨🚨
2026-02-09 17:58:45 [error]: 
🚨🚨🚨 COMMAND FAILED 🚨🚨🚨
2026-02-09 17:58:45 [error]: [DEVICECMD FAILED] Device QWC5234701115 rejected command 4285
2026-02-09 17:58:45 [error]: [DEVICECMD FAILED] Return Code: -1002
2026-02-09 17:58:45 [error]: [DEVICECMD FAILED] Command was: TEMPLATEV10 FORMAT TEST 0: Caleb Mensah Finger 0
2026-02-09 17:58:45 [error]: [DEVICECMD FAILED] Error meaning: Unknown error code
2026-02-09 17:58:45 [error]: 🚨🚨🚨🚨🚨🚨🚨🚨🚨🚨🚨🚨🚨🚨🚨
2026-02-09 17:58:45 [error]: 
🚨🚨🚨 COMMAND FAILED 🚨🚨🚨
2026-02-09 17:58:45 [error]: [DEVICECMD FAILED] Device QWC5234701115 rejected command 8465
2026-02-09 17:58:45 [error]: [DEVICECMD FAILED] Return Code: -1002
2026-02-09 17:58:45 [error]: [DEVICECMD FAILED] Command was: TEMPLATEV10 FORMAT TEST 0: Caleb Mensah Finger 0
2026-02-09 17:58:45 [error]: [DEVICECMD FAILED] Error meaning: Unknown error code
2026-02-09 17:58:45 [error]: 🚨🚨🚨🚨🚨🚨🚨🚨🚨🚨🚨🚨🚨🚨🚨
2026-02-09 17:58:45 [error]: 
🚨🚨🚨 COMMAND FAILED 🚨🚨🚨
2026-02-09 17:58:45 [error]: [DEVICECMD FAILED] Device QWC5234701115 rejected command 4151
2026-02-09 17:58:45 [error]: [DEVICECMD FAILED] Return Code: -1002
2026-02-09 17:58:45 [error]: [DEVICECMD FAILED] Command was: TEMPLATEV10 FORMAT TEST 0: Caleb Mensah Finger 0
2026-02-09 17:58:45 [error]: [DEVICECMD FAILED] Error meaning: Unknown error code
2026-02-09 17:58:45 [error]: 🚨🚨🚨🚨🚨🚨🚨🚨🚨🚨🚨🚨🚨🚨🚨
2026-02-09 17:58:46 [error]: 
🚨🚨🚨 COMMAND FAILED 🚨🚨🚨
2026-02-09 17:58:46 [error]: [DEVICECMD FAILED] Device QWC5234701115 rejected command 4403
2026-02-09 17:58:46 [error]: [DEVICECMD FAILED] Return Code: -1002
2026-02-09 17:58:46 [error]: [DEVICECMD FAILED] Command was: TEMPLATEV10 FORMAT TEST 0: Caleb Mensah Finger 0
2026-02-09 17:58:46 [error]: [DEVICECMD FAILED] Error meaning: Unknown error code
2026-02-09 17:58:46 [error]: 🚨🚨🚨🚨🚨🚨🚨🚨🚨🚨🚨🚨🚨🚨🚨
2026-02-09 17:58:46 [error]: 
🚨🚨🚨 COMMAND FAILED 🚨🚨🚨
2026-02-09 17:58:46 [error]: [DEVICECMD FAILED] Device QWC5234701115 rejected command 216
2026-02-09 17:58:46 [error]: [DEVICECMD FAILED] Return Code: -1002
2026-02-09 17:58:46 [error]: [DEVICECMD FAILED] Command was: TEMPLATEV10 FORMAT TEST 0: Caleb Mensah Finger 0
2026-02-09 17:58:46 [error]: [DEVICECMD FAILED] Error meaning: Unknown error code
2026-02-09 17:58:46 [error]: 🚨🚨🚨🚨🚨🚨🚨🚨🚨🚨🚨🚨🚨🚨🚨
2026-02-10 09:00:59 [error]: 
🚨🚨🚨 COMMAND FAILED 🚨🚨🚨
2026-02-10 09:00:59 [error]: [DEVICECMD FAILED] Device QWC5234701115 rejected command 1209
2026-02-10 09:00:59 [error]: [DEVICECMD FAILED] Return Code: -1002
2026-02-10 09:00:59 [error]: [DEVICECMD FAILED] Command was: TEMPLATEV10 FORMAT TEST 0: Caleb Mensah Finger 0
2026-02-10 09:00:59 [error]: [DEVICECMD FAILED] Error meaning: Unknown error code
2026-02-10 09:00:59 [error]: 🚨🚨🚨🚨🚨🚨🚨🚨🚨🚨🚨🚨🚨🚨🚨
2026-02-10 09:01:00 [error]: 
🚨🚨🚨 COMMAND FAILED 🚨🚨🚨
2026-02-10 09:01:00 [error]: [DEVICECMD FAILED] Device QWC5234701115 rejected command 5211
2026-02-10 09:01:00 [error]: [DEVICECMD FAILED] Return Code: -3
2026-02-10 09:01:00 [error]: [DEVICECMD FAILED] Command was: TEMPLATEV10 FORMAT TEST 1: Caleb Mensah Finger 0
2026-02-10 09:01:00 [error]: [DEVICECMD FAILED] Error meaning: User not found (PIN doesnt exist)
2026-02-10 09:01:00 [error]: 🚨🚨🚨🚨🚨🚨🚨🚨🚨🚨🚨🚨🚨🚨🚨
2026-02-10 09:01:00 [error]: 
🚨🚨🚨 COMMAND FAILED 🚨🚨🚨
2026-02-10 09:01:00 [error]: [DEVICECMD FAILED] Device QWC5234701115 rejected command 5044
2026-02-10 09:01:00 [error]: [DEVICECMD FAILED] Return Code: -1004
2026-02-10 09:01:00 [error]: [DEVICECMD FAILED] Command was: TEMPLATEV10 FORMAT TEST 2: Caleb Mensah Finger 0
2026-02-10 09:01:00 [error]: [DEVICECMD FAILED] Error meaning: Unknown error code
2026-02-10 09:01:00 [error]: 🚨🚨🚨🚨🚨🚨🚨🚨🚨🚨🚨🚨🚨🚨🚨
2026-02-10 09:01:00 [error]: 
🚨🚨🚨 COMMAND FAILED 🚨🚨🚨
2026-02-10 09:01:00 [error]: [DEVICECMD FAILED] Device QWC5234701115 rejected command 2658
2026-02-10 09:01:00 [error]: [DEVICECMD FAILED] Return Code: -1002
2026-02-10 09:01:00 [error]: [DEVICECMD FAILED] Command was: TEMPLATEV10 FORMAT TEST 3: Caleb Mensah Finger 0
2026-02-10 09:01:00 [error]: [DEVICECMD FAILED] Error meaning: Unknown error code
2026-02-10 09:01:00 [error]: 🚨🚨🚨🚨🚨🚨🚨🚨🚨🚨🚨🚨🚨🚨🚨
2026-02-10 09:01:00 [error]: 
🚨🚨🚨 COMMAND FAILED 🚨🚨🚨
2026-02-10 09:01:00 [error]: [DEVICECMD FAILED] Device QWC5234701115 rejected command 7847
2026-02-10 09:01:00 [error]: [DEVICECMD FAILED] Return Code: -3
2026-02-10 09:01:00 [error]: [DEVICECMD FAILED] Command was: TEMPLATEV10 FORMAT TEST 4: Caleb Mensah Finger 0
2026-02-10 09:01:00 [error]: [DEVICECMD FAILED] Error meaning: User not found (PIN doesnt exist)
2026-02-10 09:01:00 [error]: 🚨🚨🚨🚨🚨🚨🚨🚨🚨🚨🚨🚨🚨🚨🚨
2026-02-10 09:01:00 [error]: 
🚨🚨🚨 COMMAND FAILED 🚨🚨🚨
2026-02-10 09:01:00 [error]: [DEVICECMD FAILED] Device QWC5234701115 rejected command 1700
2026-02-10 09:01:00 [error]: [DEVICECMD FAILED] Return Code: -1004
2026-02-10 09:01:00 [error]: [DEVICECMD FAILED] Command was: TEMPLATEV10 FORMAT TEST 5: Caleb Mensah Finger 0
2026-02-10 09:01:00 [error]: [DEVICECMD FAILED] Error meaning: Unknown error code
2026-02-10 09:01:00 [error]: 🚨🚨🚨🚨🚨🚨🚨🚨🚨🚨🚨🚨🚨🚨🚨
2026-02-10 09:01:00 [error]: 
🚨🚨🚨 COMMAND FAILED 🚨🚨🚨
2026-02-10 09:01:00 [error]: [DEVICECMD FAILED] Device QWC5234701115 rejected command 4967
2026-02-10 09:01:00 [error]: [DEVICECMD FAILED] Return Code: -1002
2026-02-10 09:01:00 [error]: [DEVICECMD FAILED] Command was: TEMPLATEV10 FORMAT TEST 7: Caleb Mensah Finger 0
2026-02-10 09:01:00 [error]: [DEVICECMD FAILED] Error meaning: Unknown error code
2026-02-10 09:01:00 [error]: 🚨🚨🚨🚨🚨🚨🚨🚨🚨🚨🚨🚨🚨🚨🚨
2026-02-10 09:02:23 [error]: ZKTeco server error: listen EADDRINUSE: address already in use 0.0.0.0:4370 {"code":"EADDRINUSE","errno":-4091,"syscall":"listen","address":"0.0.0.0","port":4370,"stack":"Error: listen EADDRINUSE: address already in use 0.0.0.0:4370\n    at Server.setupListenHandle [as _listen2] (node:net:1912:16)\n    at listenInCluster (node:net:1969:12)\n    at node:net:2178:7\n    at processTicksAndRejections (node:internal/process/task_queues:90:21)"}
2026-02-10 09:33:07 [error]: ZKTeco server error: listen EADDRINUSE: address already in use 0.0.0.0:4370 {"code":"EADDRINUSE","errno":-4091,"syscall":"listen","address":"0.0.0.0","port":4370,"stack":"Error: listen EADDRINUSE: address already in use 0.0.0.0:4370\n    at Server.setupListenHandle [as _listen2] (node:net:1912:16)\n    at listenInCluster (node:net:1969:12)\n    at node:net:2178:7\n    at processTicksAndRejections (node:internal/process/task_queues:90:21)"}
2026-02-10 10:12:41 [error]: 
🚨🚨🚨 COMMAND FAILED 🚨🚨🚨
2026-02-10 10:12:41 [error]: [DEVICECMD FAILED] Device QWC5234701115 rejected command 2878
2026-02-10 10:12:41 [error]: [DEVICECMD FAILED] Return Code: -3
2026-02-10 10:12:41 [error]: [DEVICECMD FAILED] Command was: FINGERPRINT(biodata): Araba Quainoo (PIN 7) Finger 0
2026-02-10 10:12:41 [error]: [DEVICECMD FAILED] Error meaning: User not found (PIN doesnt exist)
2026-02-10 10:12:41 [error]: 🚨🚨🚨🚨🚨🚨🚨🚨🚨🚨🚨🚨🚨🚨🚨
2026-02-10 10:17:45 [error]: ZKTeco server error: listen EADDRINUSE: address already in use 0.0.0.0:4370 {"code":"EADDRINUSE","errno":-4091,"syscall":"listen","address":"0.0.0.0","port":4370,"stack":"Error: listen EADDRINUSE: address already in use 0.0.0.0:4370\n    at Server.setupListenHandle [as _listen2] (node:net:1912:16)\n    at listenInCluster (node:net:1969:12)\n    at node:net:2178:7\n    at processTicksAndRejections (node:internal/process/task_queues:90:21)"}
2026-02-10 10:18:31 [error]: 
🚨🚨🚨 COMMAND FAILED 🚨🚨🚨
2026-02-10 10:18:31 [error]: [DEVICECMD FAILED] Device QWC5234701115 rejected command 4602
2026-02-10 10:18:31 [error]: [DEVICECMD FAILED] Return Code: -3
2026-02-10 10:18:31 [error]: [DEVICECMD FAILED] Command was: FINGERPRINT(biodata): Araba Quainoo (PIN 7) Finger 0
2026-02-10 10:18:31 [error]: [DEVICECMD FAILED] Error meaning: User not found (PIN doesnt exist)
2026-02-10 10:18:31 [error]: 🚨🚨🚨🚨🚨🚨🚨🚨🚨🚨🚨🚨🚨🚨🚨
2026-02-10 10:21:27 [error]: 
🚨🚨🚨 COMMAND FAILED 🚨🚨🚨
2026-02-10 10:21:27 [error]: [DEVICECMD FAILED] Device QWC5234701115 rejected command 9904
2026-02-10 10:21:27 [error]: [DEVICECMD FAILED] Return Code: -3
2026-02-10 10:21:27 [error]: [DEVICECMD FAILED] Command was: FINGERPRINT(biodata): Araba Quainoo (PIN 7) Finger 0
2026-02-10 10:21:27 [error]: [DEVICECMD FAILED] Error meaning: User not found (PIN doesnt exist)
2026-02-10 10:21:27 [error]: 🚨🚨🚨🚨🚨🚨🚨🚨🚨🚨🚨🚨🚨🚨🚨
2026-02-10 11:08:07 [error]: 
🚨🚨🚨 COMMAND FAILED 🚨🚨🚨
2026-02-10 11:08:07 [error]: [DEVICECMD FAILED] Device QWC5234701115 rejected command 9302
2026-02-10 11:08:07 [error]: [DEVICECMD FAILED] Return Code: -1004
2026-02-10 11:08:07 [error]: [DEVICECMD FAILED] Command was: QUERY OPTIONS
2026-02-10 11:08:07 [error]: [DEVICECMD FAILED] Error meaning: Template size mismatch
2026-02-10 11:08:07 [error]: [DEVICECMD FAILED] 💡 Recovery: Size= field does not match actual template bytes. Check normalizeTemplateForMB460().
2026-02-10 11:08:07 [error]: 🚨🚨🚨🚨🚨🚨🚨🚨🚨🚨🚨🚨🚨🚨🚨
2026-02-10 13:29:21 [error]: [ADMS] Log save error: invalid base64 end sequence
2026-02-10 13:30:53 [error]: 
🚨🚨🚨 COMMAND FAILED 🚨🚨🚨
2026-02-10 13:30:53 [error]: [DEVICECMD FAILED] Device QWC5234701115 rejected command 8854
2026-02-10 13:30:53 [error]: [DEVICECMD FAILED] Return Code: -3
2026-02-10 13:30:53 [error]: [DEVICECMD FAILED] Command was: FINGERPRINT(biodata): Ama Mensah (PIN 5) Finger 0 [890B]
2026-02-10 13:30:53 [error]: [DEVICECMD FAILED] Error meaning: User not found (PIN does not exist)
2026-02-10 13:30:53 [error]: [DEVICECMD FAILED] 💡 Recovery: Ensure Phase 1 (DATA UPDATE userinfo) completed before Phase 2 (biodata). Increase PHASE2_DELAY_MS.
2026-02-10 13:30:53 [error]: [DEVICECMD FAILED] Marking sync as failed for PIN 5
2026-02-10 13:30:53 [error]: 🚨🚨🚨🚨🚨🚨🚨🚨🚨🚨🚨🚨🚨🚨🚨
2026-02-10 14:02:53 [error]: [ADMS] Log save error: invalid base64 end sequence
2026-02-10 14:02:53 [error]: 
🚨🚨🚨 COMMAND FAILED 🚨🚨🚨
2026-02-10 14:02:53 [error]: [DEVICECMD FAILED] Device QWC5234701115 rejected command 124
2026-02-10 14:02:53 [error]: [DEVICECMD FAILED] Return Code: -1004
2026-02-10 14:02:53 [error]: [DEVICECMD FAILED] Command was: unknown command
2026-02-10 14:02:53 [error]: [DEVICECMD FAILED] Error meaning: Template size mismatch
2026-02-10 14:02:53 [error]: [DEVICECMD FAILED] 💡 Recovery: Size= field does not match actual template bytes. Check normalizeTemplateForMB460().
2026-02-10 14:02:53 [error]: 🚨🚨🚨🚨🚨🚨🚨🚨🚨🚨🚨🚨🚨🚨🚨
2026-02-10 14:03:27 [error]: [ADMS] Log save error: invalid base64 end sequence
2026-02-10 14:03:28 [error]: 
🚨🚨🚨 COMMAND FAILED 🚨🚨🚨
2026-02-10 14:03:28 [error]: [DEVICECMD FAILED] Device QWC5234701115 rejected command 3223
2026-02-10 14:03:28 [error]: [DEVICECMD FAILED] Return Code: -1004
2026-02-10 14:03:28 [error]: [DEVICECMD FAILED] Command was: unknown command
2026-02-10 14:03:28 [error]: [DEVICECMD FAILED] Error meaning: Template size mismatch
2026-02-10 14:03:28 [error]: [DEVICECMD FAILED] 💡 Recovery: Size= field does not match actual template bytes. Check normalizeTemplateForMB460().
2026-02-10 14:03:28 [error]: 🚨🚨🚨🚨🚨🚨🚨🚨🚨🚨🚨🚨🚨🚨🚨
2026-02-10 14:22:23 [error]: [ADMS] Log save error: invalid base64 end sequence
2026-02-10 14:22:24 [error]: 
🚨🚨🚨 COMMAND FAILED 🚨🚨🚨
2026-02-10 14:22:24 [error]: [DEVICECMD FAILED] Device QWC5234701115 rejected command 6725
2026-02-10 14:22:24 [error]: [DEVICECMD FAILED] Return Code: -1004
2026-02-10 14:22:24 [error]: [DEVICECMD FAILED] Command was: unknown command
2026-02-10 14:22:24 [error]: [DEVICECMD FAILED] Error meaning: Template size mismatch
2026-02-10 14:22:24 [error]: [DEVICECMD FAILED] 💡 Recovery: Size= field does not match actual template bytes. Check normalizeTemplateForMB460().
2026-02-10 14:22:24 [error]: 🚨🚨🚨🚨🚨🚨🚨🚨🚨🚨🚨🚨🚨🚨🚨
2026-02-10 14:30:33 [error]: 
🚨🚨🚨 COMMAND FAILED 🚨🚨🚨
2026-02-10 14:30:33 [error]: [DEVICECMD FAILED] Device QWC5234701115 rejected command 5601
2026-02-10 14:30:33 [error]: [DEVICECMD FAILED] Return Code: -1004
2026-02-10 14:30:33 [error]: [DEVICECMD FAILED] Command was: unknown command
2026-02-10 14:30:33 [error]: [DEVICECMD FAILED] Error meaning: Template size mismatch
2026-02-10 14:30:33 [error]: [DEVICECMD FAILED] 💡 Recovery: Size= field does not match actual template bytes. Check normalizeTemplateForMB460().
2026-02-10 14:30:33 [error]: 🚨🚨🚨🚨🚨🚨🚨🚨🚨🚨🚨🚨🚨🚨🚨
2026-02-10 15:42:39 [error]: 
🚨🚨🚨 COMMAND FAILED 🚨🚨🚨
2026-02-10 15:42:39 [error]: [DEVICECMD FAILED] Device QWC5234701115 rejected command 5715
2026-02-10 15:42:39 [error]: [DEVICECMD FAILED] Return Code: -1004
2026-02-10 15:42:39 [error]: [DEVICECMD FAILED] Command was: FINGERPRINT(templatev10): Ama Dziedzom (PIN 4) Finger 7 [832B]
2026-02-10 15:42:39 [error]: [DEVICECMD FAILED] Error meaning: Template size mismatch
2026-02-10 15:42:39 [error]: [DEVICECMD FAILED] 💡 Recovery: Size= field does not match actual template bytes. Check normalizeTemplateForMB460().
2026-02-10 15:42:39 [error]: [DEVICECMD FAILED] Marking sync as failed for PIN 4
2026-02-10 15:42:39 [error]: 🚨🚨🚨🚨🚨🚨🚨🚨🚨🚨🚨🚨🚨🚨🚨
2026-02-10 17:01:24 [error]: 
🚨🚨🚨 COMMAND FAILED 🚨🚨🚨
2026-02-10 17:01:24 [error]: [DEVICECMD FAILED] Device QWC5234701115 rejected command 4989
2026-02-10 17:01:24 [error]: [DEVICECMD FAILED] Return Code: -3
2026-02-10 17:01:24 [error]: [DEVICECMD FAILED] Command was: FINGERPRINT(biodata): Ama Dziedzom (PIN 4) Finger 0
2026-02-10 17:01:24 [error]: [DEVICECMD FAILED] Error meaning: User not found (PIN doesnt exist)
2026-02-10 17:01:24 [error]: 🚨🚨🚨🚨🚨🚨🚨🚨🚨🚨🚨🚨🚨🚨🚨
2026-02-10 17:01:40 [error]: 
🚨🚨🚨 COMMAND FAILED 🚨🚨🚨
2026-02-10 17:01:40 [error]: [DEVICECMD FAILED] Device QWC5234701115 rejected command 1767
2026-02-10 17:01:40 [error]: [DEVICECMD FAILED] Return Code: -3
2026-02-10 17:01:40 [error]: [DEVICECMD FAILED] Command was: FINGERPRINT(biodata): Caleb Mensah (PIN 6) Finger 0
2026-02-10 17:01:40 [error]: [DEVICECMD FAILED] Error meaning: User not found (PIN doesnt exist)
2026-02-10 17:01:40 [error]: 🚨🚨🚨🚨🚨🚨🚨🚨🚨🚨🚨🚨🚨🚨🚨
2026-02-10 17:04:33 [error]: 
🚨🚨🚨 COMMAND FAILED 🚨🚨🚨
2026-02-10 17:04:33 [error]: [DEVICECMD FAILED] Device QWC5234701115 rejected command 4715
2026-02-10 17:04:33 [error]: [DEVICECMD FAILED] Return Code: -3
2026-02-10 17:04:33 [error]: [DEVICECMD FAILED] Command was: FINGERPRINT(biodata): Caleb Mensah (PIN 6) Finger 0
2026-02-10 17:04:33 [error]: [DEVICECMD FAILED] Error meaning: User not found (PIN doesnt exist)
2026-02-10 17:04:33 [error]: 🚨🚨🚨🚨🚨🚨🚨🚨🚨🚨🚨🚨🚨🚨🚨
2026-02-10 17:04:38 [error]: 
🚨🚨🚨 COMMAND FAILED 🚨🚨🚨
2026-02-10 17:04:38 [error]: [DEVICECMD FAILED] Device QWC5234701115 rejected command 4725
2026-02-10 17:04:38 [error]: [DEVICECMD FAILED] Return Code: -3
2026-02-10 17:04:38 [error]: [DEVICECMD FAILED] Command was: FINGERPRINT(biodata): Ama Dziedzom (PIN 4) Finger 0
2026-02-10 17:04:38 [error]: [DEVICECMD FAILED] Error meaning: User not found (PIN doesnt exist)
2026-02-10 17:04:38 [error]: 🚨🚨🚨🚨🚨🚨🚨🚨🚨🚨🚨🚨🚨🚨🚨
2026-02-10 17:04:55 [error]: 
🚨🚨🚨 COMMAND FAILED 🚨🚨🚨
2026-02-10 17:04:55 [error]: [DEVICECMD FAILED] Device QWC5234701115 rejected command 1574
2026-02-10 17:04:55 [error]: [DEVICECMD FAILED] Return Code: -3
2026-02-10 17:04:55 [error]: [DEVICECMD FAILED] Command was: FINGERPRINT(biodata): Caleb Mensah (PIN 6) Finger 0
2026-02-10 17:04:55 [error]: [DEVICECMD FAILED] Error meaning: User not found (PIN doesnt exist)
2026-02-10 17:04:55 [error]: 🚨🚨🚨🚨🚨🚨🚨🚨🚨🚨🚨🚨🚨🚨🚨
2026-02-10 17:04:55 [error]: 
🚨🚨🚨 COMMAND FAILED 🚨🚨🚨
2026-02-10 17:04:55 [error]: [DEVICECMD FAILED] Device QWC5234701115 rejected command 842
2026-02-10 17:04:55 [error]: [DEVICECMD FAILED] Return Code: -3
2026-02-10 17:04:55 [error]: [DEVICECMD FAILED] Command was: FINGERPRINT(biodata): Ama Dziedzom (PIN 4) Finger 0
2026-02-10 17:04:55 [error]: [DEVICECMD FAILED] Error meaning: User not found (PIN doesnt exist)
2026-02-10 17:04:55 [error]: 🚨🚨🚨🚨🚨🚨🚨🚨🚨🚨🚨🚨🚨🚨🚨
2026-02-10 17:10:06 [error]: 
🚨🚨🚨 COMMAND FAILED 🚨🚨🚨
2026-02-10 17:10:06 [error]: [DEVICECMD FAILED] Device QWC5234701115 rejected command 6951
2026-02-10 17:10:06 [error]: [DEVICECMD FAILED] Return Code: -3
2026-02-10 17:10:06 [error]: [DEVICECMD FAILED] Command was: FINGERPRINT(biodata): Caleb Mensah (PIN 6) Finger 0
2026-02-10 17:10:06 [error]: [DEVICECMD FAILED] Error meaning: User not found (PIN doesnt exist)
2026-02-10 17:10:06 [error]: 🚨🚨🚨🚨🚨🚨🚨🚨🚨🚨🚨🚨🚨🚨🚨
2026-02-10 17:10:11 [error]: 
🚨🚨🚨 COMMAND FAILED 🚨🚨🚨
2026-02-10 17:10:11 [error]: [DEVICECMD FAILED] Device QWC5234701115 rejected command 8895
2026-02-10 17:10:11 [error]: [DEVICECMD FAILED] Return Code: -3
2026-02-10 17:10:11 [error]: [DEVICECMD FAILED] Command was: FINGERPRINT(biodata): Ama Dziedzom (PIN 4) Finger 0
2026-02-10 17:10:11 [error]: [DEVICECMD FAILED] Error meaning: User not found (PIN doesnt exist)
2026-02-10 17:10:11 [error]: 🚨🚨🚨🚨🚨🚨🚨🚨🚨🚨🚨🚨🚨🚨🚨
2026-02-10 17:10:21 [error]: 
🚨🚨🚨 COMMAND FAILED 🚨🚨🚨
2026-02-10 17:10:21 [error]: [DEVICECMD FAILED] Device QWC5234701115 rejected command 2935
2026-02-10 17:10:21 [error]: [DEVICECMD FAILED] Return Code: -1004
2026-02-10 17:10:21 [error]: [DEVICECMD FAILED] Command was: unknown command
2026-02-10 17:10:21 [error]: [DEVICECMD FAILED] Error meaning: Unknown error code
2026-02-10 17:10:21 [error]: 🚨🚨🚨🚨🚨🚨🚨🚨🚨🚨🚨🚨🚨🚨🚨
2026-02-10 17:16:35 [error]: 
🚨🚨🚨 COMMAND FAILED 🚨🚨🚨
2026-02-10 17:16:35 [error]: [DEVICECMD FAILED] Device QWC5234701115 rejected command 3219
2026-02-10 17:16:35 [error]: [DEVICECMD FAILED] Return Code: -1
2026-02-10 17:16:35 [error]: [DEVICECMD FAILED] Command was: DATA USER: Caleb Mensah (PIN 6)
2026-02-10 17:16:35 [error]: [DEVICECMD FAILED] Error meaning: General error / Invalid command syntax
2026-02-10 17:16:35 [error]: 🚨🚨🚨🚨🚨🚨🚨🚨🚨🚨🚨🚨🚨🚨🚨
2026-02-10 17:16:36 [error]: 
🚨🚨🚨 COMMAND FAILED 🚨🚨🚨
2026-02-10 17:16:36 [error]: [DEVICECMD FAILED] Device QWC5234701115 rejected command 4511
2026-02-10 17:16:36 [error]: [DEVICECMD FAILED] Return Code: -1
2026-02-10 17:16:36 [error]: [DEVICECMD FAILED] Command was: DATA USER: Araba Quainoo (PIN 7)
2026-02-10 17:16:36 [error]: [DEVICECMD FAILED] Error meaning: General error / Invalid command syntax
2026-02-10 17:16:36 [error]: 🚨🚨🚨🚨🚨🚨🚨🚨🚨🚨🚨🚨🚨🚨🚨
2026-02-10 17:16:37 [error]: 
🚨🚨🚨 COMMAND FAILED 🚨🚨🚨
2026-02-10 17:16:37 [error]: [DEVICECMD FAILED] Device QWC5234701115 rejected command 5001
2026-02-10 17:16:37 [error]: [DEVICECMD FAILED] Return Code: -1
2026-02-10 17:16:37 [error]: [DEVICECMD FAILED] Command was: DATA USER: Akosua Agyemang (PIN 1)
2026-02-10 17:16:37 [error]: [DEVICECMD FAILED] Error meaning: General error / Invalid command syntax
2026-02-10 17:16:37 [error]: 🚨🚨🚨🚨🚨🚨🚨🚨🚨🚨🚨🚨🚨🚨🚨
2026-02-10 17:16:38 [error]: 
🚨🚨🚨 COMMAND FAILED 🚨🚨🚨
2026-02-10 17:16:38 [error]: [DEVICECMD FAILED] Device QWC5234701115 rejected command 9505
2026-02-10 17:16:38 [error]: [DEVICECMD FAILED] Return Code: -1
2026-02-10 17:16:38 [error]: [DEVICECMD FAILED] Command was: DATA USER: John Doe (PIN 2)
2026-02-10 17:16:38 [error]: [DEVICECMD FAILED] Error meaning: General error / Invalid command syntax
2026-02-10 17:16:38 [error]: 🚨🚨🚨🚨🚨🚨🚨🚨🚨🚨🚨🚨🚨🚨🚨
2026-02-10 17:16:39 [error]: 
🚨🚨🚨 COMMAND FAILED 🚨🚨🚨
2026-02-10 17:16:39 [error]: [DEVICECMD FAILED] Device QWC5234701115 rejected command 1866
2026-02-10 17:16:39 [error]: [DEVICECMD FAILED] Return Code: -1
2026-02-10 17:16:39 [error]: [DEVICECMD FAILED] Command was: DATA USER: Jane Smith (PIN 3)
2026-02-10 17:16:39 [error]: [DEVICECMD FAILED] Error meaning: General error / Invalid command syntax
2026-02-10 17:16:39 [error]: 🚨🚨🚨🚨🚨🚨🚨🚨🚨🚨🚨🚨🚨🚨🚨
2026-02-10 17:16:40 [error]: 
🚨🚨🚨 COMMAND FAILED 🚨🚨🚨
2026-02-10 17:16:40 [error]: [DEVICECMD FAILED] Device QWC5234701115 rejected command 2015
2026-02-10 17:16:40 [error]: [DEVICECMD FAILED] Return Code: -1
2026-02-10 17:16:40 [error]: [DEVICECMD FAILED] Command was: DATA USER: Ama Dziedzom (PIN 4)
2026-02-10 17:16:40 [error]: [DEVICECMD FAILED] Error meaning: General error / Invalid command syntax
2026-02-10 17:16:40 [error]: 🚨🚨🚨🚨🚨🚨🚨🚨🚨🚨🚨🚨🚨🚨🚨
2026-02-10 17:16:40 [error]: 
🚨🚨🚨 COMMAND FAILED 🚨🚨🚨
2026-02-10 17:16:40 [error]: [DEVICECMD FAILED] Device QWC5234701115 rejected command 3886
2026-02-10 17:16:40 [error]: [DEVICECMD FAILED] Return Code: -1
2026-02-10 17:16:40 [error]: [DEVICECMD FAILED] Command was: DATA USER: Ama Mensah (PIN 5)
2026-02-10 17:16:40 [error]: [DEVICECMD FAILED] Error meaning: General error / Invalid command syntax
2026-02-10 17:16:40 [error]: 🚨🚨🚨🚨🚨🚨🚨🚨🚨🚨🚨🚨🚨🚨🚨
2026-02-10 17:16:51 [error]: 
🚨🚨🚨 COMMAND FAILED 🚨🚨🚨
2026-02-10 17:16:51 [error]: [DEVICECMD FAILED] Device QWC5234701115 rejected command 8511
2026-02-10 17:16:51 [error]: [DEVICECMD FAILED] Return Code: -1004
2026-02-10 17:16:51 [error]: [DEVICECMD FAILED] Command was: FINGERPRINT(biodata): Caleb Mensah (PIN 6) Finger 0
2026-02-10 17:16:51 [error]: [DEVICECMD FAILED] Error meaning: Unknown error code
2026-02-10 17:16:51 [error]: 🚨🚨🚨🚨🚨🚨🚨🚨🚨🚨🚨🚨🚨🚨🚨
2026-02-10 17:16:52 [error]: 
🚨🚨🚨 COMMAND FAILED 🚨🚨🚨
2026-02-10 17:16:52 [error]: [DEVICECMD FAILED] Device QWC5234701115 rejected command 182
2026-02-10 17:16:52 [error]: [DEVICECMD FAILED] Return Code: -1004
2026-02-10 17:16:52 [error]: [DEVICECMD FAILED] Command was: FINGERPRINT(biodata): Ama Dziedzom (PIN 4) Finger 0
2026-02-10 17:16:52 [error]: [DEVICECMD FAILED] Error meaning: Unknown error code
2026-02-10 17:16:52 [error]: 🚨🚨🚨🚨🚨🚨🚨🚨🚨🚨🚨🚨🚨🚨🚨
2026-02-10 17:17:36 [error]: 
🚨🚨🚨 COMMAND FAILED 🚨🚨🚨
2026-02-10 17:17:36 [error]: [DEVICECMD FAILED] Device QWC5234701115 rejected command 6166
2026-02-10 17:17:36 [error]: [DEVICECMD FAILED] Return Code: -3
2026-02-10 17:17:36 [error]: [DEVICECMD FAILED] Command was: FINGERPRINT(biodata): Caleb Mensah (PIN 6) Finger 0
2026-02-10 17:17:36 [error]: [DEVICECMD FAILED] Error meaning: User not found (PIN doesnt exist)
2026-02-10 17:17:36 [error]: 🚨🚨🚨🚨🚨🚨🚨🚨🚨🚨🚨🚨🚨🚨🚨
2026-02-10 17:17:41 [error]: 
🚨🚨🚨 COMMAND FAILED 🚨🚨🚨
2026-02-10 17:17:41 [error]: [DEVICECMD FAILED] Device QWC5234701115 rejected command 6152
2026-02-10 17:17:41 [error]: [DEVICECMD FAILED] Return Code: -3
2026-02-10 17:17:41 [error]: [DEVICECMD FAILED] Command was: FINGERPRINT(biodata): Ama Dziedzom (PIN 4) Finger 0
2026-02-10 17:17:41 [error]: [DEVICECMD FAILED] Error meaning: User not found (PIN doesnt exist)
2026-02-10 17:17:41 [error]: 🚨🚨🚨🚨🚨🚨🚨🚨🚨🚨🚨🚨🚨🚨🚨
2026-02-10 17:18:02 [error]: 
🚨🚨🚨 COMMAND FAILED 🚨🚨🚨
2026-02-10 17:18:02 [error]: [DEVICECMD FAILED] Device QWC5234701115 rejected command 2193
2026-02-10 17:18:02 [error]: [DEVICECMD FAILED] Return Code: -3
2026-02-10 17:18:02 [error]: [DEVICECMD FAILED] Command was: FINGERPRINT(biodata): Caleb Mensah (PIN 6) Finger 0
2026-02-10 17:18:02 [error]: [DEVICECMD FAILED] Error meaning: User not found (PIN doesnt exist)
2026-02-10 17:18:02 [error]: 🚨🚨🚨🚨🚨🚨🚨🚨🚨🚨🚨🚨🚨🚨🚨
2026-02-10 17:18:07 [error]: 
🚨🚨🚨 COMMAND FAILED 🚨🚨🚨
2026-02-10 17:18:07 [error]: [DEVICECMD FAILED] Device QWC5234701115 rejected command 5296
2026-02-10 17:18:07 [error]: [DEVICECMD FAILED] Return Code: -3
2026-02-10 17:18:07 [error]: [DEVICECMD FAILED] Command was: FINGERPRINT(biodata): Ama Dziedzom (PIN 4) Finger 0
2026-02-10 17:18:07 [error]: [DEVICECMD FAILED] Error meaning: User not found (PIN doesnt exist)
2026-02-10 17:18:07 [error]: 🚨🚨🚨🚨🚨🚨🚨🚨🚨🚨🚨🚨🚨🚨🚨
2026-02-10 17:19:41 [error]: 
🚨🚨🚨 COMMAND FAILED 🚨🚨🚨
2026-02-10 17:19:41 [error]: [DEVICECMD FAILED] Device QWC5234701115 rejected command 857
2026-02-10 17:19:41 [error]: [DEVICECMD FAILED] Return Code: -1004
2026-02-10 17:19:41 [error]: [DEVICECMD FAILED] Command was: FINGERPRINT(biodata): Caleb Mensah (PIN 6) Finger 0
2026-02-10 17:19:41 [error]: [DEVICECMD FAILED] Error meaning: Unknown error code
2026-02-10 17:19:41 [error]: 🚨🚨🚨🚨🚨🚨🚨🚨🚨🚨🚨🚨🚨🚨🚨
2026-02-10 17:19:42 [error]: 
🚨🚨🚨 COMMAND FAILED 🚨🚨🚨
2026-02-10 17:19:42 [error]: [DEVICECMD FAILED] Device QWC5234701115 rejected command 6734
2026-02-10 17:19:42 [error]: [DEVICECMD FAILED] Return Code: -1004
2026-02-10 17:19:42 [error]: [DEVICECMD FAILED] Command was: FINGERPRINT(biodata): Ama Dziedzom (PIN 4) Finger 0
2026-02-10 17:19:42 [error]: [DEVICECMD FAILED] Error meaning: Unknown error code
2026-02-10 17:19:42 [error]: 🚨🚨🚨🚨🚨🚨🚨🚨🚨🚨🚨🚨🚨🚨🚨
